node.exe : [96msrc/common/decorators/api-paginated.decorator.ts[0m:[93m2[0m:[93m25[0m - [91merror[0m[90m 
TS2305: [0mModule '"@nestjs/swagger"' has no exported member 'ApiPaginationQuery'.
At line:1 char:1
+ & "C:\Program Files\nodejs/node.exe" "C:\Program Files\nodejs/node_mo ...
+ ~~~~~~~~~~~~~~~~~~~~~~~~~~~~~~~~~~~~~~~~~~~~~~~~~~~~~~~~~~~~~~~~~~~~~
    + CategoryInfo          : NotSpecified: ([96msrc/common...ginationQuery'.:String) [], RemoteException
    + FullyQualifiedErrorId : NativeCommandError
 

[7m2[0m import { ApiOkResponse, ApiPaginationQuery, getSchemaPath } from '@nestjs/swagger';
[7m [0m [91m                        ~~~~~~~~~~~~~~~~~~[0m
[96msrc/config/app.config.ts[0m:[93m6[0m:[93m18[0m - [91merror[0m[90m TS2345: [0mArgument of type 'string | 
undefined' is not assignable to parameter of type 'string'.
  Type 'undefined' is not assignable to type 'string'.

[7m6[0m   port: parseInt(process.env.PORT, 10) || 3001,
[7m [0m [91m                 ~~~~~~~~~~~~~~~~[0m
[96msrc/config/database.config.ts[0m:[93m7[0m:[93m18[0m - [91merror[0m[90m TS2345: [0mArgument of type 
'string | undefined' is not assignable to parameter of type 'string'.
  Type 'undefined' is not assignable to type 'string'.

[7m7[0m   port: parseInt(process.env.DB_PORT, 10) || 5432,
[7m [0m [91m                 ~~~~~~~~~~~~~~~~~~~[0m
[96msrc/config/database.config.ts[0m:[93m16[0m:[93m3[0m - [91merror[0m[90m TS2353: [0mObject literal may 
only specify known properties, and 'cli' does not exist in type '{ retryAttempts?: number | undefined; retryDelay?: 
number | undefined; toRetry?: ((err: any) => boolean) | undefined; autoLoadEntities?: boolean | undefined; 
keepConnectionAlive?: boolean | undefined; verboseRetryLog?: boolean | undefined; manualInitialization?: boolean | 
undefined; } & Partial<...>'.

[7m16[0m   cli: {
[7m  [0m [91m  ~~~[0m
[96msrc/config/redis.config.ts[0m:[93m5[0m:[93m18[0m - [91merror[0m[90m TS2345: [0mArgument of type 'string 
| undefined' is not assignable to parameter of type 'string'.
  Type 'undefined' is not assignable to type 'string'.

[7m5[0m   port: parseInt(process.env.REDIS_PORT, 10) || 6379,
[7m [0m [91m                 ~~~~~~~~~~~~~~~~~~~~~~[0m
[96msrc/config/redis.config.ts[0m:[93m7[0m:[93m16[0m - [91merror[0m[90m TS2345: [0mArgument of type 'string 
| undefined' is not assignable to parameter of type 'string'.
  Type 'undefined' is not assignable to type 'string'.

[7m7[0m   db: parseInt(process.env.REDIS_DB, 10) || 0,
[7m [0m [91m               ~~~~~~~~~~~~~~~~~~~~[0m
[96msrc/config/redis.config.ts[0m:[93m8[0m:[93m17[0m - [91merror[0m[90m TS2345: [0mArgument of type 'string 
| undefined' is not assignable to parameter of type 'string'.
  Type 'undefined' is not assignable to type 'string'.

[7m8[0m   ttl: parseInt(process.env.REDIS_TTL, 10) || 60,
[7m [0m [91m                ~~~~~~~~~~~~~~~~~~~~~[0m
[96msrc/database/seeds/seed.service.ts[0m:[93m25[0m:[93m20[0m - [91merror[0m[90m TS2345: [0mArgument of type 
'string | undefined' is not assignable to parameter of type 'string'.
  Type 'undefined' is not assignable to type 'string'.

[7m25[0m     port: parseInt(process.env.DB_PORT, 10) || 5432,
[7m  [0m [91m                   ~~~~~~~~~~~~~~~~~~~[0m
[96msrc/modules/auth/auth.service.ts[0m:[93m148[0m:[93m7[0m - [91merror[0m[90m TS2322: [0mType 'null' is not 
assignable to type 'string | (() => string) | undefined'.

[7m148[0m       refreshToken: null,
[7m   [0m [91m      ~~~~~~~~~~~~[0m

  [96msrc/database/entities/user.entity.ts[0m:[93m63[0m:[93m3[0m
    [7m63[0m   refreshToken: string;
    [7m  [0m [96m  ~~~~~~~~~~~~[0m
    The expected type comes from property 'refreshToken' which is declared here on type '_QueryDeepPartialEntity<User>'
[96msrc/modules/auth/auth.service.ts[0m:[93m188[0m:[93m7[0m - [91merror[0m[90m TS2322: [0mType 'null' is not 
assignable to type 'string | (() => string) | undefined'.

[7m188[0m       resetPasswordToken: null,
[7m   [0m [91m      ~~~~~~~~~~~~~~~~~~[0m

  [96msrc/database/entities/user.entity.ts[0m:[93m66[0m:[93m3[0m
    [7m66[0m   resetPasswordToken: string;
    [7m  [0m [96m  ~~~~~~~~~~~~~~~~~~[0m
    The expected type comes from property 'resetPasswordToken' which is declared here on type 
'_QueryDeepPartialEntity<User>'
[96msrc/modules/auth/auth.service.ts[0m:[93m189[0m:[93m7[0m - [91merror[0m[90m TS2322: [0mType 'null' is not 
assignable to type '(() => string) | _QueryDeepPartialEntity<Date> | undefined'.

[7m189[0m       resetPasswordExpires: null,
[7m   [0m [91m      ~~~~~~~~~~~~~~~~~~~~[0m

  [96msrc/database/entities/user.entity.ts[0m:[93m69[0m:[93m3[0m
    [7m69[0m   resetPasswordExpires: Date;
    [7m  [0m [96m  ~~~~~~~~~~~~~~~~~~~~[0m
    The expected type comes from property 'resetPasswordExpires' which is declared here on type 
'_QueryDeepPartialEntity<User>'
[96msrc/modules/auth/auth.service.ts[0m:[93m207[0m:[93m7[0m - [91merror[0m[90m TS2322: [0mType 'null' is not 
assignable to type 'string | (() => string) | undefined'.

[7m207[0m       emailVerificationToken: null,
[7m   [0m [91m      ~~~~~~~~~~~~~~~~~~~~~~[0m

  [96msrc/database/entities/user.entity.ts[0m:[93m72[0m:[93m3[0m
    [7m72[0m   emailVerificationToken: string;
    [7m  [0m [96m  ~~~~~~~~~~~~~~~~~~~~~~[0m
    The expected type comes from property 'emailVerificationToken' which is declared here on type 
'_QueryDeepPartialEntity<User>'
[96msrc/modules/emergency/emergency.service.ts[0m:[93m14[0m:[93m34[0m - [91merror[0m[90m TS2769: [0mNo 
overload matches this call.
  Overload 1 of 3, '(entityLikeArray: DeepPartial<EmergencyAlert>[]): EmergencyAlert[]', gave the following error.
    Object literal may only specify known properties, and 'type' does not exist in type 
'DeepPartial<EmergencyAlert>[]'.
  Overload 2 of 3, '(entityLike: DeepPartial<EmergencyAlert>): EmergencyAlert', gave the following error.
    Type '(() => string) | undefined' is not assignable to type 'string | undefined'.
      Type '() => string' is not assignable to type 'string'.

[7m14[0m     const alert = this.alertRepo.create({
[7m  [0m [91m                                 ~~~~~~[0m

  [96msrc/database/entities/emergency-alert.entity.ts[0m:[93m48[0m:[93m3[0m
    [7m48[0m   location: string;
    [7m  [0m [96m  ~~~~~~~~[0m
    The expected type comes from property 'location' which is declared here on type 'DeepPartial<EmergencyAlert>'
[96msrc/modules/issues/issues.service.ts[0m:[93m132[0m:[93m40[0m - [91merror[0m[90m TS2769: [0mNo overload 
matches this call.
  Overload 1 of 3, '(entityLikeArray: DeepPartial<Issue>[]): Issue[]', gave the following error.
    Object literal may only specify known properties, and 'reporterId' does not exist in type 'DeepPartial<Issue>[]'.
  Overload 2 of 3, '(entityLike: DeepPartial<Issue>): Issue', gave the following error.
    Type '(() => string) | undefined' is not assignable to type 'string | undefined'.
      Type '() => string' is not assignable to type 'string'.

[7m132[0m     const issue = this.issueRepository.create({
[7m   [0m [91m                                       ~~~~~~[0m

  [96msrc/database/entities/issue.entity.ts[0m:[93m80[0m:[93m3[0m
    [7m80[0m   location: string;
    [7m  [0m [96m  ~~~~~~~~[0m
    The expected type comes from property 'location' which is declared here on type 'DeepPartial<Issue>'
[96msrc/modules/issues/issues.service.ts[0m:[93m142[0m:[93m39[0m - [91merror[0m[90m TS2339: [0mProperty 'id' 
does not exist on type 'Issue[]'.

[7m142[0m     await this.addTimelineEvent(saved.id, TimelineAction.CREATED, userId, {
[7m   [0m [91m                                      ~~[0m
[96msrc/modules/issues/issues.service.ts[0m:[93m143[0m:[93m20[0m - [91merror[0m[90m TS2339: [0mProperty 
'title' does not exist on type 'Issue[]'.

[7m143[0m       title: saved.title,
[7m   [0m [91m                   ~~~~~[0m
[96msrc/modules/issues/issues.service.ts[0m:[93m144[0m:[93m23[0m - [91merror[0m[90m TS2339: [0mProperty 
'category' does not exist on type 'Issue[]'.

[7m144[0m       category: saved.category,
[7m   [0m [91m                      ~~~~~~~~[0m
[96msrc/modules/issues/issues.service.ts[0m:[93m147[0m:[93m31[0m - [91merror[0m[90m TS2339: [0mProperty 'id' 
does not exist on type 'Issue[]'.

[7m147[0m     return this.findOne(saved.id);
[7m   [0m [91m                              ~~[0m
[96msrc/modules/upload/upload.controller.ts[0m:[93m52[0m:[93m87[0m - [91merror[0m[90m TS2353: [0mObject 
literal may only specify known properties, and 'files' does not exist in type 'MulterOptions'.

[7m52[0m   @UseInterceptors(FileInterceptor('files', { limits: { fileSize: 10 * 1024 * 1024 }, files: 10 }))
[7m  [0m [91m                                                                                      ~~~~~[0m

Found 19 error(s).

